../Core/Src/main.c:77:6:I2C_Scan	112	static
../Core/Src/main.c:96:19:LCD_SendInternal	32	static
../Core/Src/main.c:118:6:LCD_SendCommand	16	static
../Core/Src/main.c:122:6:LCD_SendData	16	static
../Core/Src/main.c:126:6:LCD_Init	16	static
../Core/Src/main.c:137:6:LCD_SendString	16	static
../Core/Src/main.c:144:6:init	8	static
../Core/Src/main.c:156:6:IntToString	32	static
../Core/Src/main.c:194:6:loop	32	static
../Core/Src/main.c:219:5:main	8	static
../Core/Src/main.c:274:6:SystemClock_Config	88	static
../Core/Src/main.c:316:13:MX_I2C1_Init	8	static
../Core/Src/main.c:364:13:MX_SPI1_Init	8	static
../Core/Src/main.c:402:13:MX_UART5_Init	8	static
../Core/Src/main.c:435:13:MX_GPIO_Init	48	static
../Core/Src/main.c:542:6:Error_Handler	4	static,ignoring_inline_asm
