../Core/Src/main.c:72:6:I2C_Scan	112	static
../Core/Src/main.c:91:19:LCD_SendInternal	32	static
../Core/Src/main.c:113:6:LCD_SendCommand	16	static
../Core/Src/main.c:117:6:LCD_SendData	16	static
../Core/Src/main.c:121:6:LCD_Init	16	static
../Core/Src/main.c:132:6:LCD_SendString	16	static
../Core/Src/main.c:139:6:init	8	static
../Core/Src/main.c:151:6:loop	8	static
../Core/Src/main.c:165:5:main	8	static
../Core/Src/main.c:218:6:SystemClock_Config	88	static
../Core/Src/main.c:260:13:MX_I2C1_Init	8	static
../Core/Src/main.c:308:13:MX_UART5_Init	8	static
../Core/Src/main.c:341:13:MX_GPIO_Init	24	static
../Core/Src/main.c:437:6:Error_Handler	4	static,ignoring_inline_asm
